Microchip MPLAB XC8 Compiler V2.36

Linker command line:

-W-3 --edf=C:\Program Files\Microchip\xc8\v2.36\pic\dat\en_msgs.txt -cn \
  -h+dist/default/production\XC8-18F25K22_ServoCtrl_Module.X.production.sym \
  --cmf=dist/default/production\XC8-18F25K22_ServoCtrl_Module.X.production.cmf \
  -z -Q18F25K22 -oC:\Users\mrchu\AppData\Local\Temp\xcAsgug.4 \
  --defsym=__MPLAB_BUILD=1 \
  -Mdist/default/production/XC8-18F25K22_ServoCtrl_Module.X.production.map \
  --md=C:\Users\mrchu\AppData\Local\Temp\xcAsgug.dat -E1 -ver=XC8 Compiler \
  --acfsm=1493 -ACODE=00h-07FFFh -ACONST=00h-07FFFh \
  -ASMALLCONST=0600h-06FFhx122 -AMEDIUMCONST=0600h-07FFFh -ACOMRAM=01h-05Fh \
  -AABS1=00h-05FFh -ABIGRAM=01h-05FFh -ARAM=060h-0FFh,0100h-01FFhx5 \
  -ABANK0=060h-0FFh -ABANK1=0100h-01FFh -ABANK2=0200h-02FFh \
  -ABANK3=0300h-03FFh -ABANK4=0400h-04FFh -ABANK5=0500h-05FFh \
  -ASFR=0F38h-0F5Fh,0F60h-0FFFh -ABIGSFR=0F38h-0FFFh \
  -ACONFIG=0300000h-030000Dh -AIDLOC=0200000h-0200007h \
  -AEEDATA=0F00000h-0F000FFh -peeprom_data=EEDATA \
  -preset_vec=00h,intcode,intcodelo,powerup,init -pramtop=0600h \
  -psmallconst=SMALLCONST -pmediumconst=MEDIUMCONST -pconst=CONST \
  -AFARRAM=00h-00h \
  -prdata=COMRAM,nvrram=COMRAM,nvbit=COMRAM,rbss=COMRAM,rbit=COMRAM \
  -pfarbss=FARRAM,fardata=FARRAM,nvFARRAM=FARRAM \
  -pintsave_regs=BIGRAM,bigbss=BIGRAM,bigdata=BIGRAM -pbss=RAM \
  -pidata=CODE,irdata=CODE,ibigdata=CODE,ifardata=CODE -prparam=COMRAM \
  C:\Users\mrchu\AppData\Local\Temp\xcAsgug.o \
  dist/default/production\XC8-18F25K22_ServoCtrl_Module.X.production.o 

Object code version is 3.11

Machine type is 18F25K22



                Name                               Link     Load   Length Selector   Space Scale
C:\Users\mrchu\AppData\Local\Temp\xcAsgug.o
                idloc                            200000   200000        8        0       5
                config                           300000   300000        E        0       4
                init                                  0        0        4        0       0
dist/default/production\XC8-18F25K22_ServoCtrl_Module.X.production.o
                idloc                            200000   200000        8        0       5
                config                           300000   300000        E        0       4
                text7                              7D48     7D48       12     3EA4       0
                text6                              7E04     7E04       3A     3F02       0
                text5                              7D5A     7D5A       14     3EAD       0
                text4                              7D6E     7D6E       14     3EB7       0
                text3                              7D82     7D82       1A     3EC1       0
                text2                              7E3E     7E3E       9A     3F1F       0
                text1                              7DCE     7DCE       36     3EE7       0
                text0                              7ED8     7ED8      128     3F6C       0
                cstackCOMRAM                          1        1        8        1       1
                dataCOMRAM                            F        F        4        1       1
                bssCOMRAM                             9        9        6        1       1
                cinit                              7D9C     7D9C       32     3ECE       0
                idataCOMRAM                        7D44     7D44        4     7D44       0

TOTAL           Name                               Link     Load   Length     Space
        CLASS   CODE           
                init                                  0        0        4         0
                text7                              7D48     7D48       12         0
                text6                              7E04     7E04       3A         0
                text5                              7D5A     7D5A       14         0
                text4                              7D6E     7D6E       14         0
                text3                              7D82     7D82       1A         0
                text2                              7E3E     7E3E       9A         0
                text1                              7DCE     7DCE       36         0
                text0                              7ED8     7ED8      128         0
                cinit                              7D9C     7D9C       32         0
                idataCOMRAM                        7D44     7D44        4         0

        CLASS   CONST          

        CLASS   SMALLCONST     

        CLASS   MEDIUMCONST    

        CLASS   COMRAM         
                cstackCOMRAM                          1        1        8         1
                dataCOMRAM                            F        F        4         1
                bssCOMRAM                             9        9        6         1

        CLASS   ABS1           

        CLASS   BIGRAM         

        CLASS   RAM            

        CLASS   BANK0          

        CLASS   BANK1          

        CLASS   BANK2          

        CLASS   BANK3          

        CLASS   BANK4          

        CLASS   BANK5          

        CLASS   SFR            

        CLASS   BIGSFR         

        CLASS   CONFIG         
                config                           300000   300000        E         4

        CLASS   IDLOC          
                idloc                            200000   200000        8         5

        CLASS   EEDATA         

        CLASS   FARRAM         

        CLASS   HEAP           

        CLASS   STACK          



SEGMENTS        Name                           Load    Length   Top    Selector   Space  Class

                reset_vec                      000000  000004  000004         0       0  CODE    
                cstackCOMRAM                   000001  000012  000013         1       1  COMRAM  
                idataCOMRAM                    007D44  000004  007D48      7D44       0  CODE    
                text7                          007D48  000012  007D5A      3EA4       0  CODE    
                text5                          007D5A  000014  007D6E      3EAD       0  CODE    
                text4                          007D6E  000014  007D82      3EB7       0  CODE    
                text3                          007D82  00001A  007D9C      3EC1       0  CODE    
                cinit                          007D9C  000032  007DCE      3ECE       0  CODE    
                text1                          007DCE  000036  007E04      3EE7       0  CODE    
                text6                          007E04  00003A  007E3E      3F02       0  CODE    
                text2                          007E3E  00009A  007ED8      3F1F       0  CODE    
                text0                          007ED8  000128  008000      3F6C       0  CODE    


UNUSED ADDRESS RANGES

        Name                Unused          Largest block    Delta
        BANK0            000060-0000FF               A0
        BANK1            000100-0001FF              100
        BANK2            000200-0002FF              100
        BANK3            000300-0003FF              100
        BANK4            000400-0004FF              100
        BANK5            000500-0005FF              100
        BIGRAM           000013-0005FF              5ED
        BIGSFR           000F38-000FFF               C8
        CODE             000004-007D43             7D40
        COMRAM           000013-00005F               4D
        CONST            000004-007D43             7D40
        EEDATA           F00000-F000FF              100
        MEDIUMCONST      000600-007D43             7744
        RAM              000060-0005FF              100
        SFR              000F38-000FFF               28
        SMALLCONST       000600-007D43              100

                                  Symbol Table

I2C_Write_Byte@BYTE      cstackCOMRAM 000001
PCA9685_SetPWM@CHANNEL   cstackCOMRAM 000006
PCA9685_SetPWM@DATA_OFF  cstackCOMRAM 000004
PCA9685_SetPWM@DATA_ON   cstackCOMRAM 000002
_ANSELA                  (abs)        000F38
_ANSELB                  (abs)        000F39
_ANSELC                  (abs)        000F3A
_I2C_Init                text7        007D48
_I2C_Start               text5        007D5A
_I2C_Stop                text4        007D6E
_I2C_Write_Byte          text3        007D82
_LATA                    (abs)        000F89
_LATB                    (abs)        000F8A
_LATC                    (abs)        000F8B
_MCU_Init                text6        007E04
_OSCCONbits              (abs)        000FD3
_OSCTUNEbits             (abs)        000F9B
_PCA9685_Init            text2        007E3E
_PCA9685_SetPWM          text1        007DCE
_PIR3bits                (abs)        000FA4
_PORTA                   (abs)        000F80
_PORTB                   (abs)        000F81
_PORTC                   (abs)        000F82
_SSP2ADD                 (abs)        000F6E
_SSP2BUF                 (abs)        000F6F
_SSP2CON1                (abs)        000F6C
_SSP2CON2bits            (abs)        000F6B
_SSP2STAT                (abs)        000F6D
_TRISA                   (abs)        000F92
_TRISB                   (abs)        000F93
_TRISBbits               (abs)        000F93
_TRISC                   (abs)        000F94
__HRAM                   (abs)        000000
__Habs1                  abs1         000000
__Hbank0                 bank0        000000
__Hbank1                 bank1        000000
__Hbank2                 bank2        000000
__Hbank3                 bank3        000000
__Hbank4                 bank4        000000
__Hbank5                 bank5        000000
__Hbigbss                bigbss       000000
__Hbigdata               bigdata      000000
__Hbigram                bigram       000000
__Hbigsfr                bigsfr       000000
__Hbss                   bss          000000
__HbssCOMRAM             bssCOMRAM    000000
__Hcinit                 cinit        000000
__Hclrtext               clrtext      000000
__Hcomram                comram       000000
__Hconfig                config       30000E
__Hconst                 const        000000
__HcstackCOMRAM          cstackCOMRAM 000000
__Hdata                  data         000000
__HdataCOMRAM            dataCOMRAM   000000
__Heeprom_data           eeprom_data  000000
__Hfarbss                farbss       000000
__Hfardata               fardata      000000
__Hheap                  heap         000000
__Hibigdata              ibigdata     000000
__Hidata                 idata        000000
__HidataCOMRAM           idataCOMRAM  000000
__Hidloc                 idloc        200008
__Hifardata              ifardata     000000
__Hinit                  init         000004
__Hintcode               intcode      000000
__Hintcode_body          intcode_body 000000
__Hintcodelo             intcodelo    000000
__Hintentry              intentry     000000
__Hintret                intret       000000
__Hintsave_regs          intsave_regs 000000
__Hirdata                irdata       000000
__Hmediumconst           mediumconst  000000
__HnvFARRAM              nvFARRAM     000000
__Hnvbit                 nvbit        000000
__Hnvrram                nvrram       000000
__Hparam                 rparam       000000
__Hpowerup               powerup      000000
__Hram                   ram          000000
__Hramtop                ramtop       000600
__Hrbit                  rbit         000000
__Hrbss                  rbss         000000
__Hrdata                 rdata        000000
__Hreset_vec             reset_vec    000000
__Hrparam                rparam       000000
__Hsfr                   sfr          000000
__Hsmallconst            smallconst   000000
__Hspace_0               (abs)        008000
__Hspace_1               (abs)        000013
__Hspace_2               (abs)        000000
__Hspace_4               (abs)        60000E
__Hstack                 stack        000000
__Hstruct                struct       000000
__Htemp                  temp         000000
__Htext                  text         000000
__Htext0                 text0        000000
__Htext1                 text1        000000
__Htext2                 text2        000000
__Htext3                 text3        000000
__Htext4                 text4        000000
__Htext5                 text5        000000
__Htext6                 text6        000000
__Htext7                 text7        000000
__LRAM                   (abs)        000001
__Labs1                  abs1         000000
__Lbank0                 bank0        000000
__Lbank1                 bank1        000000
__Lbank2                 bank2        000000
__Lbank3                 bank3        000000
__Lbank4                 bank4        000000
__Lbank5                 bank5        000000
__Lbigbss                bigbss       000000
__Lbigdata               bigdata      000000
__Lbigram                bigram       000000
__Lbigsfr                bigsfr       000000
__Lbss                   bss          000000
__LbssCOMRAM             bssCOMRAM    000000
__Lcinit                 cinit        000000
__Lclrtext               clrtext      000000
__Lcomram                comram       000000
__Lconfig                config       000000
__Lconst                 const        000000
__LcstackCOMRAM          cstackCOMRAM 000000
__Ldata                  data         000000
__LdataCOMRAM            dataCOMRAM   000000
__Leeprom_data           eeprom_data  000000
__Lfarbss                farbss       000000
__Lfardata               fardata      000000
__Lheap                  heap         000000
__Libigdata              ibigdata     000000
__Lidata                 idata        000000
__LidataCOMRAM           idataCOMRAM  000000
__Lidloc                 idloc        000000
__Lifardata              ifardata     000000
__Linit                  init         000000
__Lintcode               intcode      000000
__Lintcode_body          intcode_body 000000
__Lintcodelo             intcodelo    000000
__Lintentry              intentry     000000
__Lintret                intret       000000
__Lintsave_regs          intsave_regs 000000
__Lirdata                irdata       000000
__Lmediumconst           mediumconst  000000
__LnvFARRAM              nvFARRAM     000000
__Lnvbit                 nvbit        000000
__Lnvrram                nvrram       000000
__Lparam                 rparam       000000
__Lpowerup               powerup      000000
__Lram                   ram          000000
__Lramtop                ramtop       000600
__Lrbit                  rbit         000000
__Lrbss                  rbss         000000
__Lrdata                 rdata        000000
__Lreset_vec             reset_vec    000000
__Lrparam                rparam       000000
__Lsfr                   sfr          000000
__Lsmallconst            smallconst   000000
__Lspace_0               (abs)        000000
__Lspace_1               (abs)        000000
__Lspace_2               (abs)        000000
__Lspace_4               (abs)        000000
__Lstack                 stack        000000
__Lstruct                struct       000000
__Ltemp                  temp         000000
__Ltext                  text         000000
__Ltext0                 text0        000000
__Ltext1                 text1        000000
__Ltext2                 text2        000000
__Ltext3                 text3        000000
__Ltext4                 text4        000000
__Ltext5                 text5        000000
__Ltext6                 text6        000000
__Ltext7                 text7        000000
__S0                     (abs)        008000
__S1                     (abs)        000013
__S4                     (abs)        000000
__S5                     (abs)        000000
___heap_hi               (abs)        000000
___heap_lo               (abs)        000000
___inthi_sp              stack        000000
___intlo_sp              stack        000000
___param_bank            (abs)        000000
___rparam_used           (abs)        000001
___sp                    stack        000000
__accesstop              (abs)        000060
__activetblptr           (abs)        000000
__end_of_I2C_Init        text7        007D5A
__end_of_I2C_Start       text5        007D6E
__end_of_I2C_Stop        text4        007D82
__end_of_I2C_Write_Byte  text3        007D9C
__end_of_MCU_Init        text6        007E3E
__end_of_PCA9685_Init    text2        007ED8
__end_of_PCA9685_SetPWM  text1        007E04
__end_of__initialization cinit        007DC8
__end_of_main            text0        008000
__initialization         cinit        007D9C
__mediumconst            mediumconst  000000
__oscillator_freq        bssCOMRAM    000009
__pbssCOMRAM             bssCOMRAM    000009
__pcinit                 cinit        007D9C
__pcstackCOMRAM          cstackCOMRAM 000001
__pdataCOMRAM            dataCOMRAM   00000F
__pidataCOMRAM           idataCOMRAM  007D44
__ptext0                 text0        007ED8
__ptext1                 text1        007DCE
__ptext2                 text2        007E3E
__ptext3                 text3        007D82
__ptext4                 text4        007D6E
__ptext5                 text5        007D5A
__ptext6                 text6        007E04
__ptext7                 text7        007D48
__ramtop                 ramtop       000600
__smallconst             smallconst   000000
_duty                    bssCOMRAM    00000D
_main                    text0        007ED8
_maxPWM_Duty             dataCOMRAM   000011
_minPWM_Duty             dataCOMRAM   00000F
end_of_initialization    cinit        007DC8
intlevel0                text         000000
intlevel1                text         000000
intlevel2                text         000000
intlevel3                text         000000
isa$std                  (abs)        000001
isa$xinst                (abs)        000000
stackhi                  (abs)        000000
stacklo                  (abs)        000000
start                    init         000000
start_initialization     cinit        007D9C


MODULE INFORMATION

Module		Function		Class		Link	Load	Size
shared
		__initialization		CODE           	7D9C	0000	44

shared estimated size: 44

../XC8-18F25K22_ServoCtrl_Module.X/main.c
		_main          		CODE           	7ED8	0000	296
		_MCU_Init      		CODE           	7E04	0000	58

../XC8-18F25K22_ServoCtrl_Module.X/main.c estimated size: 354

../XC8-18F25K22_ServoCtrl_Module.X/PCA9685.c
		_PCA9685_Init  		CODE           	7E3E	0000	154
		_PCA9685_SetPWM		CODE           	7DCE	0000	54

../XC8-18F25K22_ServoCtrl_Module.X/PCA9685.c estimated size: 208

../XC8-18F25K22_ServoCtrl_Module.X/i2c.c
		_I2C_Stop      		CODE           	7D6E	0000	20
		_I2C_Init      		CODE           	7D48	0000	18
		_I2C_Write_Byte		CODE           	7D82	0000	26
		_I2C_Start     		CODE           	7D5A	0000	20

../XC8-18F25K22_ServoCtrl_Module.X/i2c.c estimated size: 84

